
> next-app@0.1.0 build
> next build

   Γû▓ Next.js 15.1.6
   - Environments: .env.local

   Creating an optimized production build ...
 Γ£ô Compiled successfully
   Linting and checking validity of types ...
npm :  Γ¿» ESLint: nextVitals is not 
iterable
At line:1 char:1
+ npm run build > build_error_2.log 
2>&1
+ 
~~~~~~~~~~~~~~~~~~~~~~~~~~~~~~~~~~~~~~
    + CategoryInfo          : NotSpeci 
   fied: ( Γ¿» ESLint: nextVitals is   
  not iterable:String) [], RemoteExc   
 eption
    + FullyQualifiedErrorId : NativeCo 
   mmandError
 
Failed to compile.

./src/app/abordajes/[id]/editar/page.ts
x:48:50
Type error: Property 'abordaje' does 
not exist on type '{ comunidades: { 
codigoComunidad: string; 
nombreComunidad: string; municipio: 
string; parroquia: string; estado: 
string; habitantes: number; 
observaciones: string | null; }[]; 
tejedores: { cedulaTejedor: string; 
nombreTejedor: string; 
apellidoTejedor: string; 
profesionTejedor: string; rolAbordaje: 
string | null; }[]...'.

[0m [90m 46 |[39m                   
  [90m// Looking at 
abordajes-actions.ts, it returns 
whatever service returns.[39m[0m
[0m [90m 47 |[39m                   
  [90m// Looking at AbordajeForm.tsx, 
it expects initialData to be an 
Abordaje type.[39m[0m
[0m[31m[1m>[22m[39m[90m 48 
|[39m                     setAbordaje(
abordajeRes[33m.[39mdata[33m.[39mab
ordaje [33m||[39m abordajeRes[33m.[
39mdata)[33m;[39m[0m
[0m [90m    |[39m                   
                               
[31m[1m^[22m[39m[0m
[0m [90m 49 |[39m                 } 
[36melse[39m {[0m
[0m [90m 50 |[39m                   
  toast[33m.[39merror(abordajeRes[33
m.[39merror [33m||[39m [32m'Error 
al cargar datos del 
abordaje'[39m)[33m;[39m[0m
[0m [90m 51 |[39m                 
}[0m
Static worker exited with code: 1 and 
signal: null
