
> next-app@0.1.0 build
> next build

   Γû▓ Next.js 15.1.6
   - Environments: .env.local

   Creating an optimized production build ...
 Γ£ô Compiled successfully
   Linting and checking validity of types ...
npm :  Γ¿» ESLint: Cannot find module '
C:\Users\erasm\OneDrive\Desktop\tejiend
o-redes\node_modules\eslint-config-next
\typescript' imported from C:\Users\era
sm\OneDrive\Desktop\tejiendo-redes\esli
nt.config.mjs Did you mean to import 
"eslint-config-next/typescript.js"?
At line:1 char:1
+ npm run build > build_error.log 2>&1
+ ~~~~~~~~~~~~~~~~~~~~~~~~~~~~~~~~~~~~
    + CategoryInfo          : NotSpeci 
   fied: ( Γ¿» ESLint: Ca...typescrip  
  t.js"?:String) [], RemoteException
    + FullyQualifiedErrorId : NativeCo 
   mmandError
 
Failed to compile.

./check_data.ts:2:49
Type error: '"./src/db/schema"' has no 
exported member named 'abordajes'. Did 
you mean 'abordaje'?

[0m [90m 1 |[39m [36mimport[39m { 
db } [36mfrom[39m 
[32m'./src/db'[39m[33m;[39m[0m
[0m[31m[1m>[22m[39m[90m 2 |[39m 
[36mimport[39m { 
comunidades[33m,[39m 
medicamentos[33m,[39m 
organismos[33m,[39m abordajes } 
[36mfrom[39m [32m'./src/db/schema'[
39m[33m;[39m[0m
[0m [90m   |[39m                    
                             
[31m[1m^[22m[39m[0m
[0m [90m 3 |[39m[0m
[0m [90m 4 |[39m [36masync[39m 
[36mfunction[39m checkData() {[0m
[0m [90m 5 |[39m     [36mtry[39m 
{[0m
Static worker exited with code: 1 and 
signal: null
